{
  "data": {
    "id": "string",
    "documentNumber": "string",
    "salesOrder": {
      "id": "string"
    },
    "customerOrderNumber": "",
    "updatedAt": "string",
    "date": "string",
    "status": "string",
    "customer": {
      "id": "string",
      "number": "string"
    },
    "comment": "string",
    "project": {
      "id": "string"
    },
    "bodyOutroduction": "string",
    "bodyIntroduction": "string",
    "internalDesignation": "string",
    "language": {
      "iso2": "string"
    },
    "delivery": {
      "shippingMethod": {
        "id": "string"
      },
      "shippingAddress": {
        "name": "string",
        "department": "string",
        "subDepartment": "string",
        "street": "string",
        "zipCode": "string",
        "city": "string",
        "state": "string",
        "country": "string",
        "gln": "string"
      },
      "deliveryTerms": null
    },
    "positions": [
      {
        "id": "string",
        "quantity": 0,
        "comment": "string",
        "product": {
          "id": "string",
          "number": "string",
          "name": "string",
          "description": "string",
          "freeFields": [
            {
              "id": "string",
              "value": "string"
            },
            {
              "id": "string",
              "value": "string"
            },
            {
              "id": "string",
              "value": "string"
            },
            {
              "id": "string",
              "value": "string"
            },
            {
              "id": "string",
              "value": "string"
            },
            {
              "id": "string",
              "value": "string"
            },
            {
              "id": "string",
              "value": "string"
            },
            {
              "id": "string",
              "value": "string"
            },
            {
              "id": "string",
              "value": "string"
            },
            {
              "id": "string",
              "value": "string"
            },
            {
              "id": "string",
              "value": "string"
            },
            {
              "id": "string",
              "value": "string"
            },
            {
              "id": "string",
              "value": "string"
            },
            {
              "id": "string",
              "value": "string"
            },
            {
              "id": "string",
              "value": "string"
            },
            {
              "id": "string",
              "value": "string"
            },
            {
              "id": "string",
              "value": "string"
            },
            {
              "id": "string",
              "value": "string"
            },
            {
              "id": "string",
              "value": "string"
            },
            {
              "id": "string",
              "value": "string"
            },
            {
              "id": "string",
              "value": "string"
            },
            {
              "id": "string",
              "value": "string"
            },
            {
              "id": "string",
              "value": "string"
            },
            {
              "id": "string",
              "value": "string"
            },
            {
              "id": "string",
              "value": "string"
            },
            {
              "id": "string",
              "value": "string"
            },
            {
              "id": "string",
              "value": "string"
            },
            {
              "id": "string",
              "value": "string"
            },
            {
              "id": "string",
              "value": "string"
            },
            {
              "id": "string",
              "value": "string"
            },
            {
              "id": "string",
              "value": "string"
            },
            {
              "id": "string",
              "value": "string"
            },
            {
              "id": "string",
              "value": "string"
            },
            {
              "id": "string",
              "value": "string"
            },
            {
              "id": "string",
              "value": "string"
            },
            {
              "id": "string",
              "value": "string"
            },
            {
              "id": "string",
              "value": "string"
            },
            {
              "id": "string",
              "value": "string"
            },
            {
              "id": "string",
              "value": "string"
            },
            {
              "id": "string",
              "value": "string"
            }
          ]
        }
      }
    ],
    "log": {
      "createdAt": "string",
      "createdBy": {
        "id": "string",
        "name": "string"
      }
    },
    "tags": []
  }
}
