{
  "data": {
    "id": "string",
    "documentNumber": "string",
    "externalOrderNumber": "string",
    "customerOrderNumber": "string",
    "transactionNumber": "string",
    "externalOrderId": "string",
    "autoCreateDocuments": "string",
    "date": "string",
    "earliestFulfillmentDate": null,
    "desiredDeliveryDate": null,
    "desiredDeliveryDateCw": false,
    "reservationDate": null,
    "editor": "string",
    "sales": {
      "id": null,
      "name": null
    },
    "status": "string",
    "customer": {
      "id": "string",
      "number": "string"
    },
    "comment": "string",
    "project": {
      "id": "string"
    },
    "bodyOutroduction": "string",
    "bodyIntroduction": "string",
    "internalDesignation": "string",
    "language": {
      "iso2": "string"
    },
    "financials": {
      "paymentMethod": {
        "id": "string"
      },
      "currency": "string",
      "billingAddress": {
        "name": "string",
        "department": "string",
        "subDepartment": "string",
        "street": "string",
        "zipCode": "string",
        "city": "string",
        "state": "string",
        "country": "string",
        "type": "string",
        "title": "string",
        "contactPerson": "string",
        "addressSupplement": "string",
        "fax": "string",
        "email": "string",
        "salutation": "string",
        "gln": "string",
        "phoneNumber": "string"
      },
      "paymentTerms": {
        "paymentTargetDiscount": 0,
        "paymentTargetDays": 0,
        "paymentTargetDiscountDays": 0
      }
    },
    "delivery": {
      "email": "string",
      "conditions": "string",
      "autoShipping": true,
      "fastLane": false,
      "shippingMethod": {
        "id": "string"
      },
      "deliveryTerms": null,
      "shippingAddress": {
        "name": "string",
        "department": "string",
        "subDepartment": "string",
        "street": "string",
        "zipCode": "string",
        "city": "string",
        "state": "string",
        "country": "string",
        "gln": "string"
      }
    },
    "netSales": {
      "amount": "string",
      "currency": "string"
    },
    "total": {
      "amount": "string",
      "currency": "string"
    },
    "positions": [
      {
        "id": "string",
        "quantity": 0,
        "discount": 0,
        "comment": "string",
        "product": {
          "id": "string",
          "number": "string",
          "name": "string",
          "description": "string",
          "freeFields": [
            {
              "id": "string",
              "value": "string"
            },
            {
              "id": "string",
              "value": "string"
            },
            {
              "id": "string",
              "value": "string"
            },
            {
              "id": "string",
              "value": "string"
            },
            {
              "id": "string",
              "value": "string"
            },
            {
              "id": "string",
              "value": "string"
            },
            {
              "id": "string",
              "value": "string"
            },
            {
              "id": "string",
              "value": "string"
            },
            {
              "id": "string",
              "value": "string"
            },
            {
              "id": "string",
              "value": "string"
            },
            {
              "id": "string",
              "value": "string"
            },
            {
              "id": "string",
              "value": "string"
            },
            {
              "id": "string",
              "value": "string"
            },
            {
              "id": "string",
              "value": "string"
            },
            {
              "id": "string",
              "value": "string"
            },
            {
              "id": "string",
              "value": "string"
            },
            {
              "id": "string",
              "value": "string"
            },
            {
              "id": "string",
              "value": "string"
            },
            {
              "id": "string",
              "value": "string"
            },
            {
              "id": "string",
              "value": "string"
            },
            {
              "id": "string",
              "value": "string"
            },
            {
              "id": "string",
              "value": "string"
            },
            {
              "id": "string",
              "value": "string"
            },
            {
              "id": "string",
              "value": "string"
            },
            {
              "id": "string",
              "value": "string"
            },
            {
              "id": "string",
              "value": "string"
            },
            {
              "id": "string",
              "value": "string"
            },
            {
              "id": "string",
              "value": "string"
            },
            {
              "id": "string",
              "value": "string"
            },
            {
              "id": "string",
              "value": "string"
            },
            {
              "id": "string",
              "value": "string"
            },
            {
              "id": "string",
              "value": "string"
            },
            {
              "id": "string",
              "value": "string"
            },
            {
              "id": "string",
              "value": "string"
            },
            {
              "id": "string",
              "value": "string"
            },
            {
              "id": "string",
              "value": "string"
            },
            {
              "id": "string",
              "value": "string"
            },
            {
              "id": "string",
              "value": "string"
            },
            {
              "id": "string",
              "value": "string"
            },
            {
              "id": "string",
              "value": "string"
            }
          ]
        },
        "tax": {
          "vatCategory": "string",
          "taxText": "string",
          "effectiveVatRate": 0
        },
        "price": {
          "amount": "string",
          "currency": "string"
        },
        "netRevenueSingle": {
          "amount": "string",
          "currency": "string"
        },
        "netRevenueTotal": {
          "amount": "string",
          "currency": "string"
        },
        "grossRevenueSingle": {
          "amount": "string",
          "currency": "string"
        },
        "grossRevenueTotal": {
          "amount": "string",
          "currency": "string"
        },
        "webId": "string",
        "hasChildren": false,
        "parent": null,
        "sort": 0
      }
    ],
    "log": {
      "createdAt": "string",
      "createdBy": {
        "id": "string",
        "name": "string"
      }
    },
    "tags": [
      {
        "id": "string",
        "type": "string",
        "title": "string"
      }
    ],
    "salesChannel": {
      "id": "string",
      "name": "string"
    }
  }
}
