{
  "data": [],
  "extra": {
    "page": {
      "number": 0,
      "size": 0
    }
  }
}
