{
  "data": [
    {
      "id": "string",
      "product": {
        "id": "string"
      },
      "title": "string",
      "description": "string",
      "keyword": "string",
      "sort": 0,
      "currentVersion": {
        "id": "string",
        "version": 0,
        "url": "string",
        "remark": "string",
        "filename": "string",
        "size": 0,
        "updatedAt": "string"
      },
      "updatedAt": "string"
    }
  ],
  "extra": {
    "totalCount": 0,
    "page": {
      "number": 0,
      "size": 0
    }
  }
}
