{
  "data": {
    "id": "string",
    "uuid": "string",
    "customerType": "string",
    "name": "string",
    "firstname": "string",
    "lastname": "string",
    "title": "string",
    "salutation": "string",
    "salutationPhrase": "string",
    "birthdate": null,
    "department": "string",
    "subDepartment": "string",
    "projects": [
      {
        "id": "string"
      }
    ],
    "groups": [],
    "contactDetails": {
      "email": "string",
      "phone": null,
      "mobile": null,
      "fax": null,
      "website": null,
      "additionalData": []
    },
    "accountManager": null,
    "salesManager": null,
    "lead": {
      "isLead": false,
      "status": "string"
    }
  },
  "links": {
    "self": "string",
    "contactPersons": "string",
    "addresses": "string"
  }
}
