{
  "data": [
    {
      "id": "string",
      "date": "string",
      "customer": {
        "id": "string",
        "number": "string"
      },
      "documentNumber": "string",
      "tags": [],
      "status": "string",
      "salesOrder": {
        "id": "string"
      },
      "progress": "string",
      "shippingMethod": {
        "id": "string",
        "name": "string"
      },
      "project": {
        "id": "string",
        "name": "string"
      },
      "bodyOutroduction": null,
      "internalComment": null
    },
    {
      "id": "string",
      "date": "string",
      "customer": {
        "id": "string",
        "number": "string"
      },
      "documentNumber": "string",
      "tags": [],
      "status": "string",
      "salesOrder": {
        "id": "string"
      },
      "progress": "string",
      "shippingMethod": {
        "id": "string",
        "name": "string"
      },
      "project": {
        "id": "string",
        "name": "string"
      },
      "bodyOutroduction": null,
      "internalComment": null
    },
    {
      "id": "string",
      "date": "string",
      "customer": {
        "id": "string",
        "number": "string"
      },
      "documentNumber": "string",
      "tags": [],
      "status": "string",
      "salesOrder": {
        "id": "string"
      },
      "progress": "string",
      "shippingMethod": {
        "id": "string",
        "name": "string"
      },
      "project": {
        "id": "string",
        "name": "string"
      },
      "bodyOutroduction": null,
      "internalComment": null
    },
    {
      "id": "string",
      "date": "string",
      "customer": {
        "id": "string",
        "number": "string"
      },
      "documentNumber": "string",
      "tags": [],
      "status": "string",
      "salesOrder": null,
      "progress": "string",
      "shippingMethod": {
        "id": "string",
        "name": "string"
      },
      "project": {
        "id": "string",
        "name": "string"
      },
      "bodyOutroduction": null,
      "internalComment": null
    },
    {
      "id": "string",
      "date": "string",
      "customer": {
        "id": "string",
        "number": "string"
      },
      "documentNumber": "string",
      "tags": [],
      "status": "string",
      "salesOrder": {
        "id": "string"
      },
      "progress": "string",
      "shippingMethod": {
        "id": "string",
        "name": "string"
      },
      "project": {
        "id": "string",
        "name": "string"
      },
      "bodyOutroduction": null,
      "internalComment": null
    },
    {
      "id": "string",
      "date": "string",
      "customer": {
        "id": "string",
        "number": "string"
      },
      "documentNumber": "string",
      "tags": [],
      "status": "string",
      "salesOrder": {
        "id": "string"
      },
      "progress": "string",
      "shippingMethod": {
        "id": "string",
        "name": "string"
      },
      "project": {
        "id": "string",
        "name": "string"
      },
      "bodyOutroduction": null,
      "internalComment": null
    },
    {
      "id": "string",
      "date": "string",
      "customer": {
        "id": "string",
        "number": "string"
      },
      "documentNumber": "string",
      "tags": [
        {
          "id": "string",
          "name": "string",
          "color": "string"
        }
      ],
      "status": "string",
      "salesOrder": {
        "id": "string"
      },
      "progress": "string",
      "shippingMethod": {
        "id": "string",
        "name": "string"
      },
      "project": {
        "id": "string",
        "name": "string"
      },
      "bodyOutroduction": null,
      "internalComment": null
    },
    {
      "id": "string",
      "date": "string",
      "customer": {
        "id": "string",
        "number": "string"
      },
      "documentNumber": "string",
      "tags": [],
      "status": "string",
      "salesOrder": {
        "id": "string"
      },
      "progress": "string",
      "shippingMethod": {
        "id": "string",
        "name": "string"
      },
      "project": {
        "id": "string",
        "name": "string"
      },
      "bodyOutroduction": null,
      "internalComment": null
    },
    {
      "id": "string",
      "date": "string",
      "customer": {
        "id": "string",
        "number": "string"
      },
      "documentNumber": "string",
      "tags": [
        {
          "id": "string",
          "name": "string",
          "color": "string"
        }
      ],
      "status": "string",
      "salesOrder": null,
      "progress": "string",
      "shippingMethod": {
        "id": "string",
        "name": "string"
      },
      "project": {
        "id": "string",
        "name": "string"
      },
      "bodyOutroduction": null,
      "internalComment": null
    },
    {
      "id": "string",
      "date": "string",
      "customer": {
        "id": "string",
        "number": "string"
      },
      "documentNumber": "string",
      "tags": [],
      "status": "string",
      "salesOrder": null,
      "progress": "string",
      "shippingMethod": {
        "id": "string",
        "name": "string"
      },
      "project": {
        "id": "string",
        "name": "string"
      },
      "bodyOutroduction": null,
      "internalComment": null
    }
  ],
  "extra": {
    "totalCount": 0,
    "page": {
      "number": 0,
      "size": 0
    }
  }
}
