{
  "data": {
    "id": "string",
    "uuid": "",
    "number": "string",
    "deviatingCustomerNumber": "",
    "customerType": "string",
    "name": "string",
    "firstname": "",
    "lastname": "",
    "title": "",
    "salutation": "string",
    "salutationPhrase": "",
    "birthdate": null,
    "department": "",
    "subDepartment": "",
    "projects": [
      {
        "id": "string"
      }
    ],
    "groups": [],
    "contactDetails": {
      "email": "",
      "phone": null,
      "mobile": null,
      "fax": null,
      "website": null,
      "additionalData": []
    },
    "accountManager": null,
    "salesManager": null,
    "isLead": false,
    "contactPerson": ""
  },
  "links": {
    "self": "https://636a1d639f14e.xentral.biz/api/v2/customers/440",
    "contactPersons": "https://636a1d639f14e.xentral.biz/api/customers/440/contactPerson",
    "addresses": "https://636a1d639f14e.xentral.biz/api/v2/customers/440/addresses"
  }
}
